---
source: crates/oxvg_optimiser/src/jobs/remove_hidden_elems.rs
expression: "test_config(r#\"{ \"removeHiddenElems\": {} }\"#,\nSome(r#\"<svg xmlns=\"http://www.w3.org/2000/svg\">\n    <!-- Remove non-animated circle with zero radius -->\n    <g>\n        <circle r=\"0\"/>\n    </g>\n    <circle cx=\"16\" cy=\"3\" r=\"0\">\n        <animate attributeName=\"r\" values=\"0;3;0;0\" dur=\"1s\" repeatCount=\"indefinite\" begin=\"0\" keySplines=\"0.2 0.2 0.4 0.8;0.2 0.2 0.4 0.8;0.2 0.2 0.4 0.8\" calcMode=\"spline\"/>\n    </circle>\n</svg>\"#),)?"
---
<svg xmlns="http://www.w3.org/2000/svg">
    <!-- Remove non-animated circle with zero radius -->
    <g/>
    <circle cx="16" cy="3" r="0">
        <animate attributeName="r" values="0;3;0;0" dur="1s" repeatCount="indefinite" begin="0" keySplines="0.2 0.2 0.4 0.8;0.2 0.2 0.4 0.8;0.2 0.2 0.4 0.8" calcMode="spline"/>
    </circle>
</svg>
