---
source: crates/oxvg_optimiser/src/jobs/convert_path_data.rs
expression: "test_config(r#\"{ \"convertPathData\": {} }\"#,\nSome(r#\"<svg xmlns=\"http://www.w3.org/2000/svg\" viewBox=\"0 0 36 36\">\n    <path d=\"M32 4a4 4 0 00-4-4H8a4 4 0 01-4 4v28a4 4 0 014 4h20a4 4 0 004-4V4z\"/>\n</svg>\"#))?"
---
<svg xmlns="http://www.w3.org/2000/svg" viewBox="0 0 36 36">
    <path d="M32 4a4 4 0 0 0-4-4H8a4 4 0 0 1-4 4v28a4 4 0 0 1 4 4h20a4 4 0 0 0 4-4Z"/>
</svg>
