---
source: crates/oxvg_optimiser/src/jobs/remove_metadata.rs
expression: "test_config(r#\"{ \"removeMetadata\": true }\"#,\nSome(r#\"<svg xmlns=\"http://www.w3.org/2000/svg\">\n    <metadata>...</metadata>\n    <g/>\n</svg>\"#),)?"
---
<svg xmlns="http://www.w3.org/2000/svg">
    <g/>
</svg>
