---
source: crates/oxvg_optimiser/src/jobs/merge_paths.rs
expression: "test_config(r#\"{ \"mergePaths\": {} }\"#,\nSome(r#\"<svg xmlns=\"http://www.w3.org/2000/svg\" viewBox=\"0 0 122.764 105.935\">\n    <path d=\"M43.119 39.565Zm-.797 3.961c.077.167.257.083.309.177Z\"/>\n    <path d=\"m42.38 43.684-.06.019Z\"/>\n</svg>\"#),)?"
---
<svg xmlns="http://www.w3.org/2000/svg" viewBox="0 0 122.764 105.935">
    <path d="M43.119 39.565Zm-.797 3.961c.077.167.257.083.309.177ZM42.38 43.684l-.06.019Z"/>
</svg>
