---
source: crates/oxvg_optimiser/src/jobs/merge_paths.rs
expression: "test_config(r#\"{ \"mergePaths\": {} }\"#,\nSome(r##\"<svg xmlns=\"http://www.w3.org/2000/svg\">\n    <!-- merge paths without attributes -->\n    <path d=\"M 0,0 z\"/>\n    <path d=\"M 10,10 z\"/>\n    <path d=\"M 20,20 l 10,10 M 30,0 c 10,0 20,10 20,20\"/>\n    <path d=\"M 30,30 z\"/>\n    <path d=\"M 30,30 z\" fill=\"#f00\"/>\n    <path d=\"M 40,40 z\"/>\n    <path d=\"m 50,50 0,10 20,30 40,0\"/>\n</svg>\"##),)?"
---
<svg xmlns="http://www.w3.org/2000/svg">
    <!-- merge paths without attributes -->
    <path d="M0 0ZM10 10ZM20 20l10 10M30 0c10 0 20 10 20 20M30 30Z"/>
    <path d="M 30,30 z" fill="#f00"/>
    <path d="M40 40ZM50 50l0 10 20 30 40 0"/>
</svg>
