---
source: crates/oxvg_optimiser/src/jobs/inline_styles.rs
expression: "test_config(r#\"{ \"inlineStyles\": { \"onlyMatchedOnce\": false } }\"#,\nSome(r#\"<svg id=\"test\" xmlns=\"http://www.w3.org/2000/svg\" viewBox=\"0 0 100 100\">\n    <!-- allow selector with multiple matches when not onlyMatchedOnce -->\n    <style>\n        .red {\n            fill: red;\n        }\n        .blue {\n            fill: blue;\n        }\n    </style>\n    <rect width=\"100\" height=\"100\" class=\"red blue\"/>\n    <rect width=\"100\" height=\"100\" class=\"blue red\"/>\n</svg>\"#),)?"
---
<svg xmlns="http://www.w3.org/2000/svg" id="test" viewBox="0 0 100 100">
    <!-- allow selector with multiple matches when not onlyMatchedOnce -->
    
    <rect width="100" height="100" style="fill:red;fill:#00f"></rect>
    <rect width="100" height="100" style="fill:red;fill:#00f"></rect>
</svg>
