---
source: crates/oxvg_optimiser/src/jobs/convert_one_stop_gradients.rs
expression: "test_config(r#\"{ \"convertOneStopGradients\": true }\"#,\nSome(r##\"<svg xmlns=\"http://www.w3.org/2000/svg\" version=\"1.1\" width=\"744.09448\" height=\"1052.3622\">\n  <!-- Convert both a one-stop gradient configured from attribute and styles. -->\n  <defs>\n    <linearGradient id=\"a\">\n      <stop stop-color=\"#ddc4cc\"/>\n    </linearGradient>\n    <linearGradient id=\"b\">\n      <stop style=\"stop-color:#a8c4cc\"/>\n    </linearGradient>\n  </defs>\n  <rect width=\"150\" height=\"150\" x=\"350\" y=\"350\" fill=\"url(#a)\"/>\n  <rect width=\"150\" height=\"150\" x=\"50\" y=\"350\" style=\"fill:url(#b)\"/>\n</svg>\"##),)?"
---
<svg xmlns="http://www.w3.org/2000/svg" version="1.1" width="744.09448" height="1052.3622">
    <!-- Convert both a one-stop gradient configured from attribute and styles. -->
    <rect width="150" height="150" x="350" y="350" fill="#ddc4cc"/>
    <rect width="150" height="150" x="50" y="350" style="fill:#a8c4cc"/>
</svg>
