---
source: crates/oxvg_optimiser/src/jobs/cleanup_attributes.rs
expression: "test_config(r#\"{ \"cleanupAttributes\": {\n            \"newlines\": true,\n            \"trim\": true,\n            \"spaces\": true\n        } }\"#,\n        Some(r#\"<svg xmlns=\"  http://www.w3.org/2000/svg\n  \" attr=\"a      b\" attr2=\"a\nb\">\n    test\n</svg>\"#))?"
---
<svg xmlns="  http://www.w3.org/2000/svg
  " attr="a b" attr2="a b">
    test
</svg>
