---
source: crates/oxvg_optimiser/src/jobs/cleanup_ids.rs
expression: "test_config(r#\"{ \"cleanupIds\": {} }\"#,\n        Some(r##\"<svg xmlns=\"http://www.w3.org/2000/svg\">\n    <defs>\n        <linearGradient id=\"渐变_1\" x1=\"0%\" y1=\"0%\" x2=\"100%\" y2=\"0%\">\n            <stop stop-color=\"#5a2100\" />\n        </linearGradient>\n    </defs>\n    <rect x=\"30\" y=\"30\" height=\"150\" width=\"370\" fill=\"url(#渐变_1)\" />\n</svg>\"##))?"
---
<svg xmlns="http://www.w3.org/2000/svg">
    <defs>
        <linearGradient id="a" x1="0%" y1="0%" x2="100%" y2="0%">
            <stop stop-color="#5a2100"></stop>
        </linearGradient>
    </defs>
    <rect x="30" y="30" height="150" width="370" fill="url(#a)"></rect>
</svg>
